
> nl-vip-club@1.0.0 build
> next build

  Ôû▓ Next.js 14.2.3
  - Environments: .env.local, .env.production

   Creating an optimized production build ...
 Ô£ô Compiled successfully
   Linting and checking validity of types ...
   Collecting page data ...
   Generating static pages (0/17) ...
   Generating static pages (4/17) 
   Generating static pages (8/17) 
   Generating static pages (12/17) 
 Ô£ô Generating static pages (17/17)
   Finalizing page optimization ...
   Collecting build traces ...

Route (app)                              Size     First Load JS
Ôöî Ôùï /                                    285 kB          423 kB
Ôö£ Ôùï /_not-found                          875 B          88.1 kB
Ôö£ ãÆ /api/[[...path]]                     0 B                0 B
Ôö£ ãÆ /api/admin-assistant                 0 B                0 B
Ôö£ ãÆ /api/admin-delete-user               0 B                0 B
Ôö£ ãÆ /api/analyze-food                    0 B                0 B
Ôö£ ãÆ /api/create-trainer                  0 B                0 B
Ôö£ ãÆ /api/diet-onboarding/complete        0 B                0 B
Ôö£ ãÆ /api/diet-onboarding/request         0 B                0 B
Ôö£ ãÆ /api/diet-onboarding/submit          0 B                0 B
Ôö£ ãÆ /api/generate-recipe                 0 B                0 B
Ôö£ ãÆ /api/generate-recipe-plan            0 B                0 B
Ôö£ Ôùï /auth/callback                       2.55 kB         141 kB
Ôö£ Ôùï /privacy                             142 B          87.4 kB
Ôö£ Ôùï /profile                             1.16 kB         139 kB
Ôöö Ôùï /terms                               142 B          87.4 kB
+ First Load JS shared by all            87.2 kB
  Ôö£ chunks/23-b05bd397e720b515.js        31.6 kB
  Ôö£ chunks/fd9d1056-cefc779a25962ff9.js  53.6 kB
  Ôöö other shared chunks (total)          1.97 kB


Ôùï  (Static)   prerendered as static content
ãÆ  (Dynamic)  server-rendered on demand

